// Jest Snapshot v1, https://goo.gl/fbAQLP

exports[`should render properly shuld check snapshot 1`] = `
<h3>
  <img
    src={null}
    style={
      Object {
        "height": 40,
        "width": 40,
      }
    }
  />
  <p>
     I am th test component
  </p>
</h3>
`;
